Archive member included to satisfy reference by file (symbol)

C:/ST/STM32CubeIDE_1.16.0/STM32CubeIDE/plugins/com.st.stm32cube.ide.mcu.externaltools.gnu-tools-for-stm32.12.3.rel1.win32_1.0.200.202406191623/tools/bin/../lib/gcc/arm-none-eabi/12.3.1/../../../../arm-none-eabi/lib/thumb/v7e-m+fp/hard\libc_nano.a(libc_a-exit.o)
                              C:/ST/STM32CubeIDE_1.16.0/STM32CubeIDE/plugins/com.st.stm32cube.ide.mcu.externaltools.gnu-tools-for-stm32.12.3.rel1.win32_1.0.200.202406191623/tools/bin/../lib/gcc/arm-none-eabi/12.3.1/../../../../arm-none-eabi/lib/thumb/v7e-m+fp/hard/crt0.o (exit)
C:/ST/STM32CubeIDE_1.16.0/STM32CubeIDE/plugins/com.st.stm32cube.ide.mcu.externaltools.gnu-tools-for-stm32.12.3.rel1.win32_1.0.200.202406191623/tools/bin/../lib/gcc/arm-none-eabi/12.3.1/../../../../arm-none-eabi/lib/thumb/v7e-m+fp/hard\libc_nano.a(libc_a-findfp.o)
                              C:/ST/STM32CubeIDE_1.16.0/STM32CubeIDE/plugins/com.st.stm32cube.ide.mcu.externaltools.gnu-tools-for-stm32.12.3.rel1.win32_1.0.200.202406191623/tools/bin/../lib/gcc/arm-none-eabi/12.3.1/../../../../arm-none-eabi/lib/thumb/v7e-m+fp/hard\libc_nano.a(libc_a-exit.o) (__stdio_exit_handler)
C:/ST/STM32CubeIDE_1.16.0/STM32CubeIDE/plugins/com.st.stm32cube.ide.mcu.externaltools.gnu-tools-for-stm32.12.3.rel1.win32_1.0.200.202406191623/tools/bin/../lib/gcc/arm-none-eabi/12.3.1/../../../../arm-none-eabi/lib/thumb/v7e-m+fp/hard\libc_nano.a(libc_a-fwalk.o)
                              C:/ST/STM32CubeIDE_1.16.0/STM32CubeIDE/plugins/com.st.stm32cube.ide.mcu.externaltools.gnu-tools-for-stm32.12.3.rel1.win32_1.0.200.202406191623/tools/bin/../lib/gcc/arm-none-eabi/12.3.1/../../../../arm-none-eabi/lib/thumb/v7e-m+fp/hard\libc_nano.a(libc_a-findfp.o) (_fwalk_sglue)
C:/ST/STM32CubeIDE_1.16.0/STM32CubeIDE/plugins/com.st.stm32cube.ide.mcu.externaltools.gnu-tools-for-stm32.12.3.rel1.win32_1.0.200.202406191623/tools/bin/../lib/gcc/arm-none-eabi/12.3.1/../../../../arm-none-eabi/lib/thumb/v7e-m+fp/hard\libc_nano.a(libc_a-stdio.o)
                              C:/ST/STM32CubeIDE_1.16.0/STM32CubeIDE/plugins/com.st.stm32cube.ide.mcu.externaltools.gnu-tools-for-stm32.12.3.rel1.win32_1.0.200.202406191623/tools/bin/../lib/gcc/arm-none-eabi/12.3.1/../../../../arm-none-eabi/lib/thumb/v7e-m+fp/hard\libc_nano.a(libc_a-findfp.o) (__sread)
C:/ST/STM32CubeIDE_1.16.0/STM32CubeIDE/plugins/com.st.stm32cube.ide.mcu.externaltools.gnu-tools-for-stm32.12.3.rel1.win32_1.0.200.202406191623/tools/bin/../lib/gcc/arm-none-eabi/12.3.1/../../../../arm-none-eabi/lib/thumb/v7e-m+fp/hard\libc_nano.a(libc_a-memset.o)
                              C:/ST/STM32CubeIDE_1.16.0/STM32CubeIDE/plugins/com.st.stm32cube.ide.mcu.externaltools.gnu-tools-for-stm32.12.3.rel1.win32_1.0.200.202406191623/tools/bin/../lib/gcc/arm-none-eabi/12.3.1/../../../../arm-none-eabi/lib/thumb/v7e-m+fp/hard/crt0.o (memset)
C:/ST/STM32CubeIDE_1.16.0/STM32CubeIDE/plugins/com.st.stm32cube.ide.mcu.externaltools.gnu-tools-for-stm32.12.3.rel1.win32_1.0.200.202406191623/tools/bin/../lib/gcc/arm-none-eabi/12.3.1/../../../../arm-none-eabi/lib/thumb/v7e-m+fp/hard\libc_nano.a(libc_a-closer.o)
                              C:/ST/STM32CubeIDE_1.16.0/STM32CubeIDE/plugins/com.st.stm32cube.ide.mcu.externaltools.gnu-tools-for-stm32.12.3.rel1.win32_1.0.200.202406191623/tools/bin/../lib/gcc/arm-none-eabi/12.3.1/../../../../arm-none-eabi/lib/thumb/v7e-m+fp/hard\libc_nano.a(libc_a-stdio.o) (_close_r)
C:/ST/STM32CubeIDE_1.16.0/STM32CubeIDE/plugins/com.st.stm32cube.ide.mcu.externaltools.gnu-tools-for-stm32.12.3.rel1.win32_1.0.200.202406191623/tools/bin/../lib/gcc/arm-none-eabi/12.3.1/../../../../arm-none-eabi/lib/thumb/v7e-m+fp/hard\libc_nano.a(libc_a-reent.o)
                              C:/ST/STM32CubeIDE_1.16.0/STM32CubeIDE/plugins/com.st.stm32cube.ide.mcu.externaltools.gnu-tools-for-stm32.12.3.rel1.win32_1.0.200.202406191623/tools/bin/../lib/gcc/arm-none-eabi/12.3.1/../../../../arm-none-eabi/lib/thumb/v7e-m+fp/hard\libc_nano.a(libc_a-closer.o) (errno)
C:/ST/STM32CubeIDE_1.16.0/STM32CubeIDE/plugins/com.st.stm32cube.ide.mcu.externaltools.gnu-tools-for-stm32.12.3.rel1.win32_1.0.200.202406191623/tools/bin/../lib/gcc/arm-none-eabi/12.3.1/../../../../arm-none-eabi/lib/thumb/v7e-m+fp/hard\libc_nano.a(libc_a-impure.o)
                              C:/ST/STM32CubeIDE_1.16.0/STM32CubeIDE/plugins/com.st.stm32cube.ide.mcu.externaltools.gnu-tools-for-stm32.12.3.rel1.win32_1.0.200.202406191623/tools/bin/../lib/gcc/arm-none-eabi/12.3.1/../../../../arm-none-eabi/lib/thumb/v7e-m+fp/hard\libc_nano.a(libc_a-reent.o) (_impure_ptr)
C:/ST/STM32CubeIDE_1.16.0/STM32CubeIDE/plugins/com.st.stm32cube.ide.mcu.externaltools.gnu-tools-for-stm32.12.3.rel1.win32_1.0.200.202406191623/tools/bin/../lib/gcc/arm-none-eabi/12.3.1/../../../../arm-none-eabi/lib/thumb/v7e-m+fp/hard\libc_nano.a(libc_a-lseekr.o)
[...]
Memory Configuration

Name             Origin             Length             Attributes
RAM              0x20000000         0x00020000         xrw
FLASH            0x08000000         0x00080000         xr
*default*        0x00000000         0xffffffff

Linker script and memory map

LOAD C:/ST/STM32CubeIDE_1.16.0/STM32CubeIDE/plugins/com.st.stm32cube.ide.mcu.externaltools.gnu-tools-for-stm32.12.3.rel1.win32_1.0.200.202406191623/tools/bin/../lib/gcc/arm-none-eabi/12.3.1/thumb/v7e-m+fp/hard/crti.o
LOAD C:/ST/STM32CubeIDE_1.16.0/STM32CubeIDE/plugins/com.st.stm32cube.ide.mcu.externaltools.gnu-tools-for-stm32.12.3.rel1.win32_1.0.200.202406191623/tools/bin/../lib/gcc/arm-none-eabi/12.3.1/thumb/v7e-m+fp/hard/crtbegin.o
LOAD C:/ST/STM32CubeIDE_1.16.0/STM32CubeIDE/plugins/com.st.stm32cube.ide.mcu.externaltools.gnu-tools-for-stm32.12.3.rel1.win32_1.0.200.202406191623/tools/bin/../lib/gcc/arm-none-eabi/12.3.1/../../../../arm-none-eabi/lib/thumb/v7e-m+fp/hard/crt0.o
LOAD ./Src/SPI_example1.o
LOAD ./Src/syscalls.o
LOAD ./Src/sysmem.o
LOAD ./Startup/startup_stm32f411retx.o
LOAD ./drivers/Src/stm32f411xx_gpio.o
LOAD ./drivers/Src/stm32f411xx_spi.o
START GROUP
LOAD C:/ST/STM32CubeIDE_1.16.0/STM32CubeIDE/plugins/com.st.stm32cube.ide.mcu.externaltools.gnu-tools-for-stm32.12.3.rel1.win32_1.0.200.202406191623/tools/bin/../lib/gcc/arm-none-eabi/12.3.1/../../../../arm-none-eabi/lib/thumb/v7e-m+fp/hard\libc_nano.a
LOAD C:/ST/STM32CubeIDE_1.16.0/STM32CubeIDE/plugins/com.st.stm32cube.ide.mcu.externaltools.gnu-tools-for-stm32.12.3.rel1.win32_1.0.200.202406191623/tools/bin/../lib/gcc/arm-none-eabi/12.3.1/../../../../arm-none-eabi/lib/thumb/v7e-m+fp/hard\libm.a
END GROUP
START GROUP
LOAD C:/ST/STM32CubeIDE_1.16.0/STM32CubeIDE/plugins/com.st.stm32cube.ide.mcu.externaltools.gnu-tools-for-stm32.12.3.rel1.win32_1.0.200.202406191623/tools/bin/../lib/gcc/arm-none-eabi/12.3.1/thumb/v7e-m+fp/hard\libgcc.a
LOAD C:/ST/STM32CubeIDE_1.16.0/STM32CubeIDE/plugins/com.st.stm32cube.ide.mcu.externaltools.gnu-tools-for-stm32.12.3.rel1.win32_1.0.200.202406191623/tools/bin/../lib/gcc/arm-none-eabi/12.3.1/../../../../arm-none-eabi/lib/thumb/v7e-m+fp/hard\libc_nano.a
END GROUP
START GROUP
LOAD C:/ST/STM32CubeIDE_1.16.0/STM32CubeIDE/plugins/com.st.stm32cube.ide.mcu.externaltools.gnu-tools-for-stm32.12.3.rel1.win32_1.0.200.202406191623/tools/bin/../lib/gcc/arm-none-eabi/12.3.1/thumb/v7e-m+fp/hard\libgcc.a
LOAD C:/ST/STM32CubeIDE_1.16.0/STM32CubeIDE/plugins/com.st.stm32cube.ide.mcu.externaltools.gnu-tools-for-stm32.12.3.rel1.win32_1.0.200.202406191623/tools/bin/../lib/gcc/arm-none-eabi/12.3.1/../../../../arm-none-eabi/lib/thumb/v7e-m+fp/hard\libc_nano.a
LOAD C:/ST/STM32CubeIDE_1.16.0/STM32CubeIDE/plugins/com.st.stm32cube.ide.mcu.externaltools.gnu-tools-for-stm32.12.3.rel1.win32_1.0.200.202406191623/tools/bin/../lib/gcc/arm-none-eabi/12.3.1/../../../../arm-none-eabi/lib/thumb/v7e-m+fp/hard\libnosys.a
END GROUP
START GROUP
LOAD C:/ST/STM32CubeIDE_1.16.0/STM32CubeIDE/plugins/com.st.stm32cube.ide.mcu.externaltools.gnu-tools-for-stm32.12.3.rel1.win32_1.0.200.202406191623/tools/bin/../lib/gcc/arm-none-eabi/12.3.1/thumb/v7e-m+fp/hard\libgcc.a
LOAD C:/ST/STM32CubeIDE_1.16.0/STM32CubeIDE/plugins/com.st.stm32cube.ide.mcu.externaltools.gnu-tools-for-stm32.12.3.rel1.win32_1.0.200.202406191623/tools/bin/../lib/gcc/arm-none-eabi/12.3.1/../../../../arm-none-eabi/lib/thumb/v7e-m+fp/hard\libc_nano.a
LOAD C:/ST/STM32CubeIDE_1.16.0/STM32CubeIDE/plugins/com.st.stm32cube.ide.mcu.externaltools.gnu-tools-for-stm32.12.3.rel1.win32_1.0.200.202406191623/tools/bin/../lib/gcc/arm-none-eabi/12.3.1/../../../../arm-none-eabi/lib/thumb/v7e-m+fp/hard\libnosys.a
END GROUP
LOAD C:/ST/STM32CubeIDE_1.16.0/STM32CubeIDE/plugins/com.st.stm32cube.ide.mcu.externaltools.gnu-tools-for-stm32.12.3.rel1.win32_1.0.200.202406191623/tools/bin/../lib/gcc/arm-none-eabi/12.3.1/thumb/v7e-m+fp/hard/crtend.o
LOAD C:/ST/STM32CubeIDE_1.16.0/STM32CubeIDE/plugins/com.st.stm32cube.ide.mcu.externaltools.gnu-tools-for-stm32.12.3.rel1.win32_1.0.200.202406191623/tools/bin/../lib/gcc/arm-none-eabi/12.3.1/thumb/v7e-m+fp/hard/crtn.o
                0x20020000                        _estack = (ORIGIN (RAM) + LENGTH (RAM))
                0x00000200                        _Min_Heap_Size = 0x200
                0x00000400                        _Min_Stack_Size = 0x400

.isr_vector     0x08000000      0x198
                0x08000000                        . = ALIGN (0x4)
 *(.isr_vector)
 .isr_vector    0x08000000      0x198 ./Startup/startup_stm32f411retx.o
                0x08000000                g_pfnVectors
                0x08000198                        . = ALIGN (0x4)

.text           0x08000198      0x9a4
                0x08000198                        . = ALIGN (0x4)
 *(.text)
 .text          0x08000198       0x40 C:/ST/STM32CubeIDE_1.16.0/STM32CubeIDE/plugins/com.st.stm32cube.ide.mcu.externaltools.gnu-tools-for-stm32.12.3.rel1.win32_1.0.200.202406191623/tools/bin/../lib/gcc/arm-none-eabi/12.3.1/thumb/v7e-m+fp/hard/crtbegin.o
 .text          0x080001d8       0x10 C:/ST/STM32CubeIDE_1.16.0/STM32CubeIDE/plugins/com.st.stm32cube.ide.mcu.externaltools.gnu-tools-for-stm32.12.3.rel1.win32_1.0.200.202406191623/tools/bin/../lib/gcc/arm-none-eabi/12.3.1/../../../../arm-none-eabi/lib/thumb/v7e-m+fp/hard\libc_nano.a(libc_a-strlen.o)
                0x080001d8                strlen
 *(.text*)
 .text.main     0x080001e8       0x74 ./Src/SPI_example1.o
                0x080001e8                main
 .text.SPI1GpioInit
                0x0800025c       0x74 ./Src/SPI_example1.o
                0x0800025c                SPI1GpioInit
 .text.SPI1_Init
                0x080002d0       0x40 ./Src/SPI_example1.o
                0x080002d0                SPI1_Init
 .text.Reset_Handler
                0x08000310       0x50 ./Startup/startup_stm32f411retx.o
                0x08000310                Reset_Handler
 .text.Default_Handler
                0x08000360        0x2 ./Startup/startup_stm32f411retx.o
                0x08000360                RTC_Alarm_IRQHandler
                0x08000360                EXTI2_IRQHandler
                0x08000360                DebugMon_Handler
                0x08000360                SPI4_IRQHandler
                0x08000360                TIM1_CC_IRQHandler
                0x08000360                DMA2_Stream5_IRQHandler
                0x08000360                HardFault_Handler
                0x08000360                DMA1_Stream5_IRQHandler
                0x08000360                SysTick_Handler
                0x08000360                PVD_IRQHandler
                0x08000360                SDIO_IRQHandler
                0x08000360                TAMP_STAMP_IRQHandler
                0x08000360                PendSV_Handler
                0x08000360                NMI_Handler
                0x08000360                EXTI3_IRQHandler
                0x08000360                TIM1_UP_TIM10_IRQHandler
                0x08000360                I2C3_ER_IRQHandler
                0x08000360                EXTI0_IRQHandler
                0x08000360                I2C2_EV_IRQHandler
                0x08000360                DMA1_Stream2_IRQHandler
                0x08000360                FPU_IRQHandler
                0x08000360                UsageFault_Handler
                0x08000360                DMA2_Stream2_IRQHandler
                0x08000360                SPI1_IRQHandler
                0x08000360                TIM1_BRK_TIM9_IRQHandler
                0x08000360                DMA2_Stream3_IRQHandler
                0x08000360                USART6_IRQHandler
                0x08000360                DMA2_Stream0_IRQHandler
                0x08000360                TIM4_IRQHandler
                0x08000360                I2C1_EV_IRQHandler
                0x08000360                DMA1_Stream6_IRQHandler
                0x08000360                DMA1_Stream1_IRQHandler
                0x08000360                TIM3_IRQHandler
                0x08000360                RCC_IRQHandler
                0x08000360                Default_Handler
                0x08000360                EXTI15_10_IRQHandler
                0x08000360                ADC_IRQHandler
                0x08000360                DMA1_Stream7_IRQHandler
                0x08000360                SPI5_IRQHandler
                0x08000360                TIM5_IRQHandler
                0x08000360                DMA2_Stream7_IRQHandler
                0x08000360                I2C3_EV_IRQHandler
                0x08000360                EXTI9_5_IRQHandler
                0x08000360                RTC_WKUP_IRQHandler
                0x08000360                SPI2_IRQHandler
                0x08000360                MemManage_Handler
                0x08000360                DMA1_Stream0_IRQHandler
                0x08000360                SVC_Handler
                0x08000360                EXTI4_IRQHandler
                0x08000360                WWDG_IRQHandler
                0x08000360                TIM2_IRQHandler
                0x08000360                OTG_FS_WKUP_IRQHandler
                0x08000360                TIM1_TRG_COM_TIM11_IRQHandler
                0x08000360                EXTI1_IRQHandler
                0x08000360                USART2_IRQHandler
                0x08000360                I2C2_ER_IRQHandler
                0x08000360                DMA2_Stream1_IRQHandler
                0x08000360                FLASH_IRQHandler
                0x08000360                DMA2_Stream4_IRQHandler
                0x08000360                BusFault_Handler
                0x08000360                USART1_IRQHandler
                0x08000360                OTG_FS_IRQHandler
                0x08000360                SPI3_IRQHandler
                0x08000360                DMA1_Stream4_IRQHandler
                0x08000360                I2C1_ER_IRQHandler
                0x08000360                DMA2_Stream6_IRQHandler
                0x08000360                DMA1_Stream3_IRQHandler
 *fill*         0x08000362        0x2 
 .text.GPIO_PeriClockControl
                0x08000364      0x140 ./drivers/Src/stm32f411xx_gpio.o
                0x08000364                GPIO_PeriClockControl
 .text.GPIO_Init
                0x080004a4      0x310 ./drivers/Src/stm32f411xx_gpio.o
                0x080004a4                GPIO_Init
 .text.GPIO_Write_Output_Pin
                0x080007b4       0x50 ./drivers/Src/stm32f411xx_gpio.o
                0x080007b4                GPIO_Write_Output_Pin
 .text.SPI_PeriClockControl
                0x08000804      0x110 ./drivers/Src/stm32f411xx_spi.o
                0x08000804                SPI_PeriClockControl
 .text.SPI_Init
                0x08000914       0xc0 ./drivers/Src/stm32f411xx_spi.o
                0x08000914                SPI_Init
 .text.Get_SPIStatusFlag
                0x080009d4       0x28 ./drivers/Src/stm32f411xx_spi.o
                0x080009d4                Get_SPIStatusFlag
 .text.SPI_SendData
                0x080009fc       0x6e ./drivers/Src/stm32f411xx_spi.o
                0x080009fc                SPI_SendData
 .text.SPI_PeriControl
                0x08000a6a       0x38 ./drivers/Src/stm32f411xx_spi.o
                0x08000a6a                SPI_PeriControl
 .text.SPI_SSIConfig
                0x08000aa2       0x38 ./drivers/Src/stm32f411xx_spi.o
                0x08000aa2                SPI_SSIConfig
 *fill*         0x08000ada        0x2 
 .text.__libc_init_array
                0x08000adc       0x48 C:/ST/STM32CubeIDE_1.16.0/STM32CubeIDE/plugins/com.st.stm32cube.ide.mcu.externaltools.gnu-tools-for-stm32.12.3.rel1.win32_1.0.200.202406191623/tools/bin/../lib/gcc/arm-none-eabi/12.3.1/../../../../arm-none-eabi/lib/thumb/v7e-m+fp/hard\libc_nano.a(libc_a-init.o)
                0x08000adc                __libc_init_array
 *(.glue_7)
 .glue_7        0x08000b24        0x0 linker stubs
 *(.glue_7t)
 .glue_7t       0x08000b24        0x0 linker stubs
 *(.eh_frame)
 .eh_frame      0x08000b24        0x0 C:/ST/STM32CubeIDE_1.16.0/STM32CubeIDE/plugins/com.st.stm32cube.ide.mcu.externaltools.gnu-tools-for-stm32.12.3.rel1.win32_1.0.200.202406191623/tools/bin/../lib/gcc/arm-none-eabi/12.3.1/thumb/v7e-m+fp/hard/crtbegin.o
 *(.init)
 .init          0x08000b24        0x4 C:/ST/STM32CubeIDE_1.16.0/STM32CubeIDE/plugins/com.st.stm32cube.ide.mcu.externaltools.gnu-tools-for-stm32.12.3.rel1.win32_1.0.200.202406191623/tools/bin/../lib/gcc/arm-none-eabi/12.3.1/thumb/v7e-m+fp/hard/crti.o
                0x08000b24                _init
 .init          0x08000b28        0x8 C:/ST/STM32CubeIDE_1.16.0/STM32CubeIDE/plugins/com.st.stm32cube.ide.mcu.externaltools.gnu-tools-for-stm32.12.3.rel1.win32_1.0.200.202406191623/tools/bin/../lib/gcc/arm-none-eabi/12.3.1/thumb/v7e-m+fp/hard/crtn.o
 *(.fini)
 .fini          0x08000b30        0x4 C:/ST/STM32CubeIDE_1.16.0/STM32CubeIDE/plugins/com.st.stm32cube.ide.mcu.externaltools.gnu-tools-for-stm32.12.3.rel1.win32_1.0.200.202406191623/tools/bin/../lib/gcc/arm-none-eabi/12.3.1/thumb/v7e-m+fp/hard/crti.o
                0x08000b30                _fini
 .fini          0x08000b34        0x8 C:/ST/STM32CubeIDE_1.16.0/STM32CubeIDE/plugins/com.st.stm32cube.ide.mcu.externaltools.gnu-tools-for-stm32.12.3.rel1.win32_1.0.200.202406191623/tools/bin/../lib/gcc/arm-none-eabi/12.3.1/thumb/v7e-m+fp/hard/crtn.o
                0x08000b3c                        . = ALIGN (0x4)
                0x08000b3c                        _etext = .

.vfp11_veneer   0x08000b3c        0x0
 .vfp11_veneer  0x08000b3c        0x0 linker stubs

.v4_bx          0x08000b3c        0x0
 .v4_bx         0x08000b3c        0x0 linker stubs

.iplt           0x08000b3c        0x0
 .iplt          0x08000b3c        0x0 C:/ST/STM32CubeIDE_1.16.0/STM32CubeIDE/plugins/com.st.stm32cube.ide.mcu.externaltools.gnu-tools-for-stm32.12.3.rel1.win32_1.0.200.202406191623/tools/bin/../lib/gcc/arm-none-eabi/12.3.1/thumb/v7e-m+fp/hard/crtbegin.o

.rodata         0x08000b3c        0xc
                0x08000b3c                        . = ALIGN (0x4)
 *(.rodata)
 .rodata        0x08000b3c        0xc ./Src/SPI_example1.o
 *(.rodata*)
                0x08000b48                        . = ALIGN (0x4)

.ARM.extab      0x08000b48        0x0
                0x08000b48                        . = ALIGN (0x4)
 *(.ARM.extab* .gnu.linkonce.armextab.*)
                0x08000b48                        . = ALIGN (0x4)

.ARM            0x08000b48        0x8
                0x08000b48                        . = ALIGN (0x4)
                0x08000b48                        __exidx_start = .
 *(.ARM.exidx*)
 .ARM.exidx     0x08000b48        0x8 C:/ST/STM32CubeIDE_1.16.0/STM32CubeIDE/plugins/com.st.stm32cube.ide.mcu.externaltools.gnu-tools-for-stm32.12.3.rel1.win32_1.0.200.202406191623/tools/bin/../lib/gcc/arm-none-eabi/12.3.1/../../../../arm-none-eabi/lib/thumb/v7e-m+fp/hard\libc_nano.a(libc_a-strlen.o)
                0x08000b50                        __exidx_end = .
                0x08000b50                        . = ALIGN (0x4)

.rel.dyn        0x08000b50        0x0
 .rel.iplt      0x08000b50        0x0 C:/ST/STM32CubeIDE_1.16.0/STM32CubeIDE/plugins/com.st.stm32cube.ide.mcu.externaltools.gnu-tools-for-stm32.12.3.rel1.win32_1.0.200.202406191623/tools/bin/../lib/gcc/arm-none-eabi/12.3.1/thumb/v7e-m+fp/hard/crtbegin.o

.preinit_array  0x08000b50        0x0
                0x08000b50                        . = ALIGN (0x4)
                0x08000b50                        PROVIDE (__preinit_array_start = .)
 *(.preinit_array*)
                0x08000b50                        PROVIDE (__preinit_array_end = .)
                0x08000b50                        . = ALIGN (0x4)

.init_array     0x08000b50        0x4
                0x08000b50                        . = ALIGN (0x4)
                0x08000b50                        PROVIDE (__init_array_start = .)
 *(SORT_BY_NAME(.init_array.*))
 *(.init_array*)
 .init_array    0x08000b50        0x4 C:/ST/STM32CubeIDE_1.16.0/STM32CubeIDE/plugins/com.st.stm32cube.ide.mcu.externaltools.gnu-tools-for-stm32.12.3.rel1.win32_1.0.200.202406191623/tools/bin/../lib/gcc/arm-none-eabi/12.3.1/thumb/v7e-m+fp/hard/crtbegin.o
                0x08000b54                        PROVIDE (__init_array_end = .)
                0x08000b54                        . = ALIGN (0x4)

.fini_array     0x08000b54        0x4
                0x08000b54                        . = ALIGN (0x4)
                [!provide]                        PROVIDE (__fini_array_start = .)
 *(SORT_BY_NAME(.fini_array.*))
 *(.fini_array*)
 .fini_array    0x08000b54        0x4 C:/ST/STM32CubeIDE_1.16.0/STM32CubeIDE/plugins/com.st.stm32cube.ide.mcu.externaltools.gnu-tools-for-stm32.12.3.rel1.win32_1.0.200.202406191623/tools/bin/../lib/gcc/arm-none-eabi/12.3.1/thumb/v7e-m+fp/hard/crtbegin.o
                [!provide]                        PROVIDE (__fini_array_end = .)
                0x08000b58                        . = ALIGN (0x4)
                0x08000b58                        _sidata = LOADADDR (.data)

.data           0x20000000        0x0 load address 0x08000b58
                0x20000000                        . = ALIGN (0x4)
                0x20000000                        _sdata = .
 *(.data)
 *(.data*)
 *(.RamFunc)
 *(.RamFunc*)
                0x20000000                        . = ALIGN (0x4)
                0x20000000                        _edata = .

.igot.plt       0x20000000        0x0 load address 0x08000b58
 .igot.plt      0x20000000        0x0 C:/ST/STM32CubeIDE_1.16.0/STM32CubeIDE/plugins/com.st.stm32cube.ide.mcu.externaltools.gnu-tools-for-stm32.12.3.rel1.win32_1.0.200.202406191623/tools/bin/../lib/gcc/arm-none-eabi/12.3.1/thumb/v7e-m+fp/hard/crtbegin.o
                0x20000000                        . = ALIGN (0x4)

.bss            0x20000000       0x1c load address 0x08000b58
                0x20000000                        _sbss = .
                0x20000000                        __bss_start__ = _sbss
 *(.bss)
 .bss           0x20000000       0x1c C:/ST/STM32CubeIDE_1.16.0/STM32CubeIDE/plugins/com.st.stm32cube.ide.mcu.externaltools.gnu-tools-for-stm32.12.3.rel1.win32_1.0.200.202406191623/tools/bin/../lib/gcc/arm-none-eabi/12.3.1/thumb/v7e-m+fp/hard/crtbegin.o
 *(.bss*)
 *(COMMON)
                0x2000001c                        . = ALIGN (0x4)
                0x2000001c                        _ebss = .
                0x2000001c                        __bss_end__ = _ebss

._user_heap_stack
                0x2000001c      0x604 load address 0x08000b58
                0x20000020                        . = ALIGN (0x8)
 *fill*         0x2000001c        0x4 
                [!provide]                        PROVIDE (end = .)
                0x20000020                        PROVIDE (_end = .)
                0x20000220                        . = (. + _Min_Heap_Size)
 *fill*         0x20000020      0x200 
                0x20000620                        . = (. + _Min_Stack_Size)
 *fill*         0x20000220      0x400 
                0x20000620                        . = ALIGN (0x8)

/DISCARD/
 libc.a(*)
 libm.a(*)
 libgcc.a(*)

.ARM.attributes
                0x00000000       0x30
 *(.ARM.attributes)
 .ARM.attributes
                0x00000000       0x22 C:/ST/STM32CubeIDE_1.16.0/STM32CubeIDE/plugins/com.st.stm32cube.ide.mcu.externaltools.gnu-tools-for-stm32.12.3.rel1.win32_1.0.200.202406191623/tools/bin/../lib/gcc/arm-none-eabi/12.3.1/thumb/v7e-m+fp/hard/crti.o
 .ARM.attributes
                0x00000022       0x34 C:/ST/STM32CubeIDE_1.16.0/STM32CubeIDE/plugins/com.st.stm32cube.ide.mcu.externaltools.gnu-tools-for-stm32.12.3.rel1.win32_1.0.200.202406191623/tools/bin/../lib/gcc/arm-none-eabi/12.3.1/thumb/v7e-m+fp/hard/crtbegin.o
 .ARM.attributes
                0x00000056       0x34 ./Src/SPI_example1.o
 .ARM.attributes
                0x0000008a       0x21 ./Startup/startup_stm32f411retx.o
 .ARM.attributes
                0x000000ab       0x34 ./drivers/Src/stm32f411xx_gpio.o
 .ARM.attributes
                0x000000df       0x34 ./drivers/Src/stm32f411xx_spi.o
 .ARM.attributes
                0x00000113       0x34 C:/ST/STM32CubeIDE_1.16.0/STM32CubeIDE/plugins/com.st.stm32cube.ide.mcu.externaltools.gnu-tools-for-stm32.12.3.rel1.win32_1.0.200.202406191623/tools/bin/../lib/gcc/arm-none-eabi/12.3.1/../../../../arm-none-eabi/lib/thumb/v7e-m+fp/hard\libc_nano.a(libc_a-init.o)
 .ARM.attributes
                0x00000147       0x17 C:/ST/STM32CubeIDE_1.16.0/STM32CubeIDE/plugins/com.st.stm32cube.ide.mcu.externaltools.gnu-tools-for-stm32.12.3.rel1.win32_1.0.200.202406191623/tools/bin/../lib/gcc/arm-none-eabi/12.3.1/../../../../arm-none-eabi/lib/thumb/v7e-m+fp/hard\libc_nano.a(libc_a-strlen.o)
 .ARM.attributes
                0x0000015e       0x22 C:/ST/STM32CubeIDE_1.16.0/STM32CubeIDE/plugins/com.st.stm32cube.ide.mcu.externaltools.gnu-tools-for-stm32.12.3.rel1.win32_1.0.200.202406191623/tools/bin/../lib/gcc/arm-none-eabi/12.3.1/thumb/v7e-m+fp/hard/crtn.o
OUTPUT(STM32F411RE_DRIVER.elf elf32-littlearm)
LOAD linker stubs
LOAD C:/ST/STM32CubeIDE_1.16.0/STM32CubeIDE/plugins/com.st.stm32cube.ide.mcu.externaltools.gnu-tools-for-stm32.12.3.rel1.win32_1.0.200.202406191623/tools/bin/../lib/gcc/arm-none-eabi/12.3.1/../../../../arm-none-eabi/lib/thumb/v7e-m+fp/hard\libc.a
LOAD C:/ST/STM32CubeIDE_1.16.0/STM32CubeIDE/plugins/com.st.stm32cube.ide.mcu.externaltools.gnu-tools-for-stm32.12.3.rel1.win32_1.0.200.202406191623/tools/bin/../lib/gcc/arm-none-eabi/12.3.1/../../../../arm-none-eabi/lib/thumb/v7e-m+fp/hard\libm.a
LOAD C:/ST/STM32CubeIDE_1.16.0/STM32CubeIDE/plugins/com.st.stm32cube.ide.mcu.externaltools.gnu-tools-for-stm32.12.3.rel1.win32_1.0.200.202406191623/tools/bin/../lib/gcc/arm-none-eabi/12.3.1/thumb/v7e-m+fp/hard\libgcc.a

.debug_info     0x00000000     0x116c
 .debug_info    0x00000000      0x48a ./Src/SPI_example1.o
 .debug_info    0x0000048a       0x30 ./Startup/startup_stm32f411retx.o
 .debug_info    0x000004ba      0x76a ./drivers/Src/stm32f411xx_gpio.o
 .debug_info    0x00000c24      0x548 ./drivers/Src/stm32f411xx_spi.o

.debug_abbrev   0x00000000      0x3fc
 .debug_abbrev  0x00000000      0x15d ./Src/SPI_example1.o
 .debug_abbrev  0x0000015d       0x24 ./Startup/startup_stm32f411retx.o
 .debug_abbrev  0x00000181      0x17b ./drivers/Src/stm32f411xx_gpio.o
 .debug_abbrev  0x000002fc      0x100 ./drivers/Src/stm32f411xx_spi.o

.debug_aranges  0x00000000      0x120
 .debug_aranges
                0x00000000       0x38 ./Src/SPI_example1.o
 .debug_aranges
                0x00000038       0x28 ./Startup/startup_stm32f411retx.o
 .debug_aranges
                0x00000060       0x70 ./drivers/Src/stm32f411xx_gpio.o
 .debug_aranges
                0x000000d0       0x50 ./drivers/Src/stm32f411xx_spi.o

.debug_rnglists
                0x00000000       0xca
 .debug_rnglists
                0x00000000       0x25 ./Src/SPI_example1.o
 .debug_rnglists
                0x00000025       0x19 ./Startup/startup_stm32f411retx.o
 .debug_rnglists
                0x0000003e       0x53 ./drivers/Src/stm32f411xx_gpio.o
 .debug_rnglists
                0x00000091       0x39 ./drivers/Src/stm32f411xx_spi.o

.debug_macro    0x00000000     0x1fbe
 .debug_macro   0x00000000      0x161 ./Src/SPI_example1.o
 .debug_macro   0x00000161      0xac0 ./Src/SPI_example1.o
 .debug_macro   0x00000c21       0x22 ./Src/SPI_example1.o
 .debug_macro   0x00000c43       0x8e ./Src/SPI_example1.o
 .debug_macro   0x00000cd1       0x51 ./Src/SPI_example1.o
 .debug_macro   0x00000d22      0x103 ./Src/SPI_example1.o
 .debug_macro   0x00000e25       0x6a ./Src/SPI_example1.o
 .debug_macro   0x00000e8f      0x1df ./Src/SPI_example1.o
 .debug_macro   0x0000106e      0x2c7 ./Src/SPI_example1.o
 .debug_macro   0x00001335       0xc4 ./Src/SPI_example1.o
 .debug_macro   0x000013f9       0xad ./Src/SPI_example1.o
 .debug_macro   0x000014a6       0x61 ./Src/SPI_example1.o
 .debug_macro   0x00001507       0x2a ./Src/SPI_example1.o
 .debug_macro   0x00001531       0x43 ./Src/SPI_example1.o
 .debug_macro   0x00001574       0x34 ./Src/SPI_example1.o
 .debug_macro   0x000015a8      0x189 ./Src/SPI_example1.o
 .debug_macro   0x00001731       0x16 ./Src/SPI_example1.o
 .debug_macro   0x00001747       0x43 ./Src/SPI_example1.o
 .debug_macro   0x0000178a       0x34 ./Src/SPI_example1.o
 .debug_macro   0x000017be       0x10 ./Src/SPI_example1.o
 .debug_macro   0x000017ce       0x58 ./Src/SPI_example1.o
 .debug_macro   0x00001826       0x8e ./Src/SPI_example1.o
 .debug_macro   0x000018b4       0x1c ./Src/SPI_example1.o
 .debug_macro   0x000018d0      0x177 ./Src/SPI_example1.o
 .debug_macro   0x00001a47      0x369 ./Src/SPI_example1.o
 .debug_macro   0x00001db0       0x10 ./Src/SPI_example1.o
 .debug_macro   0x00001dc0       0x35 ./Src/SPI_example1.o
 .debug_macro   0x00001df5       0x20 ./Src/SPI_example1.o
 .debug_macro   0x00001e15       0x81 ./drivers/Src/stm32f411xx_gpio.o
 .debug_macro   0x00001e96       0x81 ./drivers/Src/stm32f411xx_spi.o
 .debug_macro   0x00001f17       0xa7 ./drivers/Src/stm32f411xx_spi.o

.debug_line     0x00000000     0x1795
 .debug_line    0x00000000      0x6e6 ./Src/SPI_example1.o
 .debug_line    0x000006e6       0x7b ./Startup/startup_stm32f411retx.o
 .debug_line    0x00000761      0x9c8 ./drivers/Src/stm32f411xx_gpio.o
 .debug_line    0x00001129      0x66c ./drivers/Src/stm32f411xx_spi.o

.debug_str      0x00000000     0x8df3
 .debug_str     0x00000000     0x89b1 ./Src/SPI_example1.o
                               0x8bab (size before relaxing)
 .debug_str     0x000089b1       0x3f ./Startup/startup_stm32f411retx.o
                                 0x8e (size before relaxing)
 .debug_str     0x000089f0      0x383 ./drivers/Src/stm32f411xx_gpio.o
                               0x56b7 (size before relaxing)
 .debug_str     0x00008d73       0x80 ./drivers/Src/stm32f411xx_spi.o
                               0x55be (size before relaxing)

.comment        0x00000000       0x43
 .comment       0x00000000       0x43 ./Src/SPI_example1.o
                                 0x44 (size before relaxing)
 .comment       0x00000043       0x44 ./drivers/Src/stm32f411xx_gpio.o
 .comment       0x00000043       0x44 ./drivers/Src/stm32f411xx_spi.o

.debug_frame    0x00000000      0x3b4
 .debug_frame   0x00000000       0xa0 ./Src/SPI_example1.o
 .debug_frame   0x000000a0      0x1c8 ./drivers/Src/stm32f411xx_gpio.o
 .debug_frame   0x00000268      0x120 ./drivers/Src/stm32f411xx_spi.o
 .debug_frame   0x00000388       0x2c C:/ST/STM32CubeIDE_1.16.0/STM32CubeIDE/plugins/com.st.stm32cube.ide.mcu.externaltools.gnu-tools-for-stm32.12.3.rel1.win32_1.0.200.202406191623/tools/bin/../lib/gcc/arm-none-eabi/12.3.1/../../../../arm-none-eabi/lib/thumb/v7e-m+fp/hard\libc_nano.a(libc_a-init.o)

.debug_line_str
                0x00000000       0x72
 .debug_line_str
                0x00000000       0x72 ./Startup/startup_stm32f411retx.o
